  SKIP - tomas-sales → api-gateway:8443 (sandbox: container not running)
  SKIP - tomas-sales → ml-platform:8501 (predict for demos) (sandbox: container not running)
  SKIP - tomas-sales → primary-db:5432 (sandbox: container not running)
  SKIP - tomas-sales → admin-portal:8080 (sandbox: container not running)

== Nina (auditor — read-only) ==
  SKIP - nina-auditor → observability:9100 (sandbox: container not running)
  SKIP - nina-auditor → eks-gateway:9100 (metrics) (sandbox: container not running)
  SKIP - nina-auditor → eks-gateway:9101 (logs — denied for auditors) (sandbox: container not running)
  SKIP - nina-auditor → eks-gateway:9102 (exec — denied) (sandbox: container not running)
  SKIP - nina-auditor → primary-db:5432 (auditors don't touch DBs) (sandbox: container not running)
  SKIP - nina-auditor → admin-portal:8080 (sandbox: container not running)

== Eve (external attacker — EVERYTHING denied) ==
  SKIP - eve-attacker → admin-portal:8080 (sandbox: container not running)
  SKIP - eve-attacker → api-gateway:8443 (sandbox: container not running)
  SKIP - eve-attacker → customer-portal:9443 (sandbox: container not running)
  SKIP - eve-attacker → primary-db:5432 (sandbox: container not running)
  SKIP - eve-attacker → warehouse-db:5432 (sandbox: container not running)
  SKIP - eve-attacker → ml-platform:8501 (sandbox: container not running)
  SKIP - eve-attacker → observability:9100 (sandbox: container not running)
  SKIP - eve-attacker → eks-gateway:9100 (sandbox: container not running)

============================================================
Summary: 0 pass / 0 fail / 46 skip / 46 total
============================================================

All cases were SKIP (containers not running).
  This usually happens in sandbox / CI with exhausted docker network pool.
  For real evidence: docker compose up -d + re-run verify.sh
